============================= test session starts =============================
platform win32 -- Python 3.13.6, pytest-9.0.2, pluggy-1.6.0
rootdir: C:\Users\taman\repo\myrag
configfile: pyproject.toml
plugins: anyio-4.12.0, asyncio-1.3.0, respx-0.22.0
asyncio: mode=Mode.AUTO, debug=False, asyncio_default_fixture_loop_scope=function, asyncio_default_test_loop_scope=function
collected 8 items / 3 errors

=================================== ERRORS ====================================
___________ ERROR collecting services/gateway/test/test_gateway.py ____________
ImportError while importing test module 'C:\Users\taman\repo\myrag\services\gateway\test\test_gateway.py'.
Hint: make sure your test modules/packages have valid Python names.
Traceback:
..\..\AppData\Roaming\uv\python\cpython-3.13.6-windows-x86_64-none\Lib\importlib\__init__.py:88: in import_module
    return _bootstrap._gcd_import(name[level:], package, level)
           ^^^^^^^^^^^^^^^^^^^^^^^^^^^^^^^^^^^^^^^^^^^^^^^^^^^^
services\gateway\test\test_gateway.py:10: in <module>
    from main import app, RETRIEVAL_URL, OLLAMA_URL
E   ImportError: cannot import name 'RETRIEVAL_URL' from 'main' (C:\Users\taman\repo\myrag\services\embedding\main.py)
____________ ERROR collecting services/ingestion/test/test_main.py ____________
import file mismatch:
imported module 'test_main' has this __file__ attribute:
  C:\Users\taman\repo\myrag\services\embedding\test\test_main.py
which is not the same as the test file we want to collect:
  C:\Users\taman\repo\myrag\services\ingestion\test\test_main.py
HINT: remove __pycache__ / .pyc files and/or use a unique basename for your test file modules
____________ ERROR collecting services/retrieval/test/test_main.py ____________
import file mismatch:
imported module 'test_main' has this __file__ attribute:
  C:\Users\taman\repo\myrag\services\embedding\test\test_main.py
which is not the same as the test file we want to collect:
  C:\Users\taman\repo\myrag\services\retrieval\test\test_main.py
HINT: remove __pycache__ / .pyc files and/or use a unique basename for your test file modules
=========================== short test summary info ===========================
ERROR services/gateway/test/test_gateway.py
ERROR services/ingestion/test/test_main.py
ERROR services/retrieval/test/test_main.py
!!!!!!!!!!!!!!!!!!! Interrupted: 3 errors during collection !!!!!!!!!!!!!!!!!!!
============================= 3 errors in 10.95s ==============================
